// Jest Snapshot v1, https://goo.gl/fbAQLP

exports[`Assessment should create new snapshot and check whether it match with the previous snapshot 1`] = `
<RCTSafeAreaView
  style={
    {
      "backgroundColor": "#ffffff",
      "flex": 1,
    }
  }
>
  <Text
    style={
      {
        "color": "#09bef5",
        "fontSize": 29,
        "fontWeight": "bold",
        "paddingHorizontal": 23,
        "paddingTop": 23,
      }
    }
  >
    Question 1/1
  </Text>
  <RCTScrollView
    contentContainerStyle={
      {
        "flexGrow": 1,
        "padding": 23,
      }
    }
  >
    <View>
      <View
        style={
          {
            "backgroundColor": "#09bef5",
            "borderRadius": 14,
            "marginBottom": 23,
            "padding": 23,
            "width": "100%",
          }
        }
      >
        <Text
          style={
            {
              "color": "#ffffff",
              "fontSize": 29,
              "fontWeight": "bold",
            }
          }
        />
      </View>
      <View
        accessibilityState={
          {
            "busy": undefined,
            "checked": undefined,
            "disabled": undefined,
            "expanded": undefined,
            "selected": undefined,
          }
        }
        accessibilityValue={
          {
            "max": undefined,
            "min": undefined,
            "now": undefined,
            "text": undefined,
          }
        }
        accessible={true}
        collapsable={false}
        focusable={true}
        onClick={[Function]}
        onResponderGrant={[Function]}
        onResponderMove={[Function]}
        onResponderRelease={[Function]}
        onResponderTerminate={[Function]}
        onResponderTerminationRequest={[Function]}
        onStartShouldSetResponder={[Function]}
        style={
          {
            "alignItems": "center",
            "backgroundColor": "#ffffff",
            "borderColor": "#09bef5",
            "borderRadius": 12,
            "borderWidth": 1,
            "flexDirection": "row",
            "marginBottom": 23,
            "opacity": 1,
            "padding": 23,
            "width": "100%",
          }
        }
      >
        <View
          style={
            {
              "alignItems": "center",
              "borderColor": "#67686b",
              "borderRadius": 144,
              "borderWidth": 1,
              "height": 35,
              "justifyContent": "center",
              "width": 35,
            }
          }
          testID="SELECTED_ICON"
        />
        <Text
          style={
            {
              "color": "#67686b",
              "fontSize": 29,
              "fontWeight": "bold",
              "paddingHorizontal": 23,
            }
          }
        >
          Bad
        </Text>
      </View>
      <View
        accessibilityState={
          {
            "busy": undefined,
            "checked": undefined,
            "disabled": undefined,
            "expanded": undefined,
            "selected": undefined,
          }
        }
        accessibilityValue={
          {
            "max": undefined,
            "min": undefined,
            "now": undefined,
            "text": undefined,
          }
        }
        accessible={true}
        collapsable={false}
        focusable={true}
        onClick={[Function]}
        onResponderGrant={[Function]}
        onResponderMove={[Function]}
        onResponderRelease={[Function]}
        onResponderTerminate={[Function]}
        onResponderTerminationRequest={[Function]}
        onStartShouldSetResponder={[Function]}
        style={
          {
            "alignItems": "center",
            "backgroundColor": "#ffffff",
            "borderColor": "#09bef5",
            "borderRadius": 12,
            "borderWidth": 1,
            "flexDirection": "row",
            "marginBottom": 23,
            "opacity": 1,
            "padding": 23,
            "width": "100%",
          }
        }
      >
        <View
          style={
            {
              "alignItems": "center",
              "borderColor": "#67686b",
              "borderRadius": 144,
              "borderWidth": 1,
              "height": 35,
              "justifyContent": "center",
              "width": 35,
            }
          }
          testID="SELECTED_ICON"
        />
        <Text
          style={
            {
              "color": "#67686b",
              "fontSize": 29,
              "fontWeight": "bold",
              "paddingHorizontal": 23,
            }
          }
        >
          Good
        </Text>
      </View>
      <View
        accessibilityState={
          {
            "busy": undefined,
            "checked": undefined,
            "disabled": undefined,
            "expanded": undefined,
            "selected": undefined,
          }
        }
        accessibilityValue={
          {
            "max": undefined,
            "min": undefined,
            "now": undefined,
            "text": undefined,
          }
        }
        accessible={true}
        collapsable={false}
        focusable={true}
        onClick={[Function]}
        onResponderGrant={[Function]}
        onResponderMove={[Function]}
        onResponderRelease={[Function]}
        onResponderTerminate={[Function]}
        onResponderTerminationRequest={[Function]}
        onStartShouldSetResponder={[Function]}
        style={
          {
            "alignItems": "center",
            "backgroundColor": "#ffffff",
            "borderColor": "#09bef5",
            "borderRadius": 12,
            "borderWidth": 1,
            "flexDirection": "row",
            "marginBottom": 23,
            "opacity": 1,
            "padding": 23,
            "width": "100%",
          }
        }
      >
        <View
          style={
            {
              "alignItems": "center",
              "borderColor": "#67686b",
              "borderRadius": 144,
              "borderWidth": 1,
              "height": 35,
              "justifyContent": "center",
              "width": 35,
            }
          }
          testID="SELECTED_ICON"
        />
        <Text
          style={
            {
              "color": "#67686b",
              "fontSize": 29,
              "fontWeight": "bold",
              "paddingHorizontal": 23,
            }
          }
        >
          Very Good
        </Text>
      </View>
    </View>
  </RCTScrollView>
  <View
    style={
      {
        "flexDirection": "row",
        "justifyContent": "space-between",
        "padding": 29,
      }
    }
  >
    <View
      accessibilityState={
        {
          "busy": undefined,
          "checked": undefined,
          "disabled": true,
          "expanded": undefined,
          "selected": undefined,
        }
      }
      accessibilityValue={
        {
          "max": undefined,
          "min": undefined,
          "now": undefined,
          "text": undefined,
        }
      }
      accessible={true}
      collapsable={false}
      focusable={true}
      onClick={[Function]}
      onResponderGrant={[Function]}
      onResponderMove={[Function]}
      onResponderRelease={[Function]}
      onResponderTerminate={[Function]}
      onResponderTerminationRequest={[Function]}
      onStartShouldSetResponder={[Function]}
      style={
        {
          "alignItems": "center",
          "backgroundColor": "#09bef5",
          "borderColor": "#09bef5",
          "borderRadius": 12,
          "borderWidth": 1,
          "flex": 1,
          "justifyContent": "center",
          "marginLeft": undefined,
          "opacity": 0.5,
          "padding": 23,
        }
      }
    >
      <Text
        style={
          {
            "color": "#ffffff",
            "fontSize": 23,
            "fontWeight": "bold",
            "textAlign": "center",
          }
        }
      >
        Submit
      </Text>
    </View>
  </View>
</RCTSafeAreaView>
`;
